Analyzing nutrifit...                                           

warning - The library 'package:nutrifit/shared/Screens/plans/user_plan_detail_screen.dart' doesn't export a member with the hidden name 'Text' - lib\core\routes\app_router.dart:52:71 - undefined_hidden_name
warning - The declaration '_pickDate' isn't referenced - lib\features\auth\profile_setup\profile_setup_screen.dart:43:16 - unused_element
   info - 'withOpacity' is deprecated and shouldn't be used. Use .withValues() to avoid precision loss - lib\features\auth\profile_setup\profile_setup_screen.dart:190:56 - deprecated_member_use
   info - 'withOpacity' is deprecated and shouldn't be used. Use .withValues() to avoid precision loss - lib\features\auth\profile_setup\profile_setup_screen.dart:229:58 - deprecated_member_use
   info - 'withOpacity' is deprecated and shouldn't be used. Use .withValues() to avoid precision loss - lib\features\auth\profile_setup\profile_setup_screen.dart:303:54 - deprecated_member_use
warning - The value of the local variable 'plan' isn't used - lib\features\trainee\dashboard\presentation\screens\trainee_dashboard_screen.dart:213:15 - unused_local_variable
warning - The '!' will have no effect because the receiver can't be null - lib\features\trainee\dashboard\presentation\screens\trainee_dashboard_screen.dart:462:62 - unnecessary_non_null_assertion
warning - The '!' will have no effect because the receiver can't be null - lib\features\trainee\dashboard\presentation\screens\trainee_dashboard_screen.dart:463:53 - unnecessary_non_null_assertion
   info - Unnecessary use of multiple underscores - lib\features\trainee\dashboard\presentation\screens\trainee_dashboard_screen.dart:516:29 - unnecessary_underscores
   info - Unnecessary use of multiple underscores - lib\features\trainee\dashboard\presentation\screens\trainee_dashboard_screen.dart:516:33 - unnecessary_underscores
   info - Unnecessary use of multiple underscores - lib\features\trainee\dashboard\presentation\screens\trainee_dashboard_screen.dart:525:27 - unnecessary_underscores
   info - Unnecessary use of multiple underscores - lib\features\trainee\dashboard\presentation\screens\trainee_dashboard_screen.dart:525:31 - unnecessary_underscores
   info - Unnecessary use of multiple underscores - lib\features\trainee\dashboard\presentation\screens\trainee_dashboard_screen.dart:1221:43 - unnecessary_underscores
   info - Unnecessary use of multiple underscores - lib\features\trainee\dashboard\presentation\screens\trainee_dashboard_screen.dart:1221:47 - unnecessary_underscores
   info - Unnecessary use of multiple underscores - lib\features\trainee\dashboard\presentation\screens\trainee_dashboard_screen.dart:1344:49 - unnecessary_underscores
   info - Unnecessary use of multiple underscores - lib\features\trainee\dashboard\presentation\screens\trainee_dashboard_screen.dart:1344:53 - unnecessary_underscores
   info - Unnecessary use of multiple underscores - lib\features\trainee\dashboard\presentation\screens\trainee_dashboard_screen.dart:1487:49 - unnecessary_underscores
   info - Unnecessary use of multiple underscores - lib\features\trainee\dashboard\presentation\screens\trainee_dashboard_screen.dart:1487:53 - unnecessary_underscores
   info - Unnecessary use of multiple underscores - lib\features\trainee\dashboard\presentation\screens\trainee_dashboard_screen.dart:1568:55 - unnecessary_underscores
   info - Unnecessary use of multiple underscores - lib\features\trainee\dashboard\presentation\screens\trainee_dashboard_screen.dart:1568:59 - unnecessary_underscores
warning - The declaration '_kTextGrey' isn't referenced - lib\features\trainee\dashboard\presentation\screens\trainee_schedule_screen.dart:26:13 - unused_element
   info - Don't use 'BuildContext's across async gaps - lib\features\trainee\dashboard\presentation\screens\trainee_schedule_screen.dart:692:7 - use_build_context_synchronously
warning - The '!' will have no effect because the receiver can't be null - lib\features\trainee\dashboard\presentation\screens\trainee_schedule_screen.dart:817:58 - unnecessary_non_null_assertion
warning - The '!' will have no effect because the receiver can't be null - lib\features\trainee\dashboard\presentation\screens\trainee_schedule_screen.dart:1110:71 - unnecessary_non_null_assertion
   info - Unnecessary use of multiple underscores - lib\features\trainee\dashboard\presentation\screens\trainee_schedule_screen.dart:1205:31 - unnecessary_underscores
   info - Unnecessary use of multiple underscores - lib\features\trainee\dashboard\presentation\screens\trainee_schedule_screen.dart:1205:35 - unnecessary_underscores
   info - Unnecessary use of multiple underscores - lib\features\trainee\dashboard\presentation\screens\trainee_schedule_screen.dart:1208:29 - unnecessary_underscores
   info - Unnecessary use of multiple underscores - lib\features\trainee\dashboard\presentation\screens\trainee_schedule_screen.dart:1208:33 - unnecessary_underscores
warning - The library 'package:nutrifit/shared/Screens/plans/user_plan_detail_screen.dart' doesn't export a member with the hidden name 'Text' - lib\features\trainee\dashboard\presentation\screens\workout_history_screen.dart:8:80 - undefined_hidden_name
   info - Unnecessary use of multiple underscores - lib\features\trainee\dashboard\presentation\screens\workout_history_screen.dart:166:33 - unnecessary_underscores
   info - Unnecessary use of multiple underscores - lib\features\trainee\dashboard\presentation\screens\workout_history_screen.dart:231:37 - unnecessary_underscores
   info - Unnecessary use of multiple underscores - lib\features\trainee\dashboard\presentation\screens\workout_history_screen.dart:231:41 - unnecessary_underscores
   info - Unnecessary use of multiple underscores - lib\features\trainee\dashboard\presentation\screens\workout_history_screen.dart:378:33 - unnecessary_underscores
   info - Unnecessary use of multiple underscores - lib\features\trainee\dashboard\presentation\screens\workout_history_screen.dart:495:27 - unnecessary_underscores
   info - Unnecessary use of multiple underscores - lib\features\trainee\dashboard\presentation\screens\workout_history_screen.dart:495:31 - unnecessary_underscores
  error - Expected an identifier - lib\features\trainee\nutrition\presentation\screens\nutrition_dashboard.dart:169:65 - missing_identifier
  error - Expected an identifier - lib\features\trainee\nutrition\presentation\screens\nutrition_dashboard.dart:229:69 - missing_identifier
  error - Expected an identifier - lib\features\trainee\nutrition\presentation\screens\nutrition_dashboard.dart:236:69 - missing_identifier
  error - Expected an identifier - lib\features\trainee\nutrition\presentation\screens\nutrition_dashboard.dart:260:63 - missing_identifier
  error - Expected an identifier - lib\features\trainee\nutrition\presentation\screens\nutrition_dashboard.dart:268:63 - missing_identifier
  error - Expected an identifier - lib\features\trainee\nutrition\presentation\screens\nutrition_dashboard.dart:325:63 - missing_identifier
  error - Expected an identifier - lib\features\trainee\nutrition\presentation\screens\nutrition_dashboard.dart:344:63 - missing_identifier
  error - Expected an identifier - lib\features\trainee\nutrition\presentation\screens\nutrition_dashboard.dart:441:65 - missing_identifier
  error - Expected an identifier - lib\features\trainee\nutrition\presentation\screens\nutrition_dashboard.dart:517:71 - missing_identifier
  error - Expected an identifier - lib\features\trainee\nutrition\presentation\screens\nutrition_dashboard.dart:527:71 - missing_identifier
  error - Expected an identifier - lib\features\trainee\nutrition\presentation\screens\nutrition_dashboard.dart:585:65 - missing_identifier
  error - Expected an identifier - lib\features\trainee\nutrition\presentation\screens\nutrition_dashboard.dart:638:73 - missing_identifier
  error - Expected an identifier - lib\features\trainee\nutrition\presentation\screens\nutrition_dashboard.dart:662:83 - missing_identifier
  error - Expected an identifier - lib\features\trainee\nutrition\presentation\screens\nutrition_dashboard.dart:669:83 - missing_identifier
  error - Expected an identifier - lib\features\trainee\nutrition\presentation\screens\nutrition_dashboard.dart:722:71 - missing_identifier
  error - Expected an identifier - lib\features\trainee\nutrition\presentation\screens\nutrition_dashboard.dart:733:77 - missing_identifier
  error - Expected an identifier - lib\features\trainee\nutrition\presentation\screens\nutrition_dashboard.dart:740:77 - missing_identifier
  error - Expected an identifier - lib\features\trainee\nutrition\presentation\screens\nutrition_dashboard.dart:950:81 - missing_identifier
  error - Expected an identifier - lib\features\trainee\nutrition\presentation\screens\nutrition_dashboard.dart:995:81 - missing_identifier
  error - Expected an identifier - lib\features\trainee\nutrition\presentation\screens\nutrition_dashboard.dart:1026:85 - missing_identifier
warning - The declaration '_HeroBanner' isn't referenced - lib\features\trainee\plan\presentation\screens\plan_selection_screen.dart:170:7 - unused_element
   info - The file name 'Select_exercise_screen.dart' isn't a lower_case_with_underscores identifier - lib\features\trainee\workout\presentation\screens\Select_exercise_screen.dart:1:1 - file_names
   info - Unnecessary use of multiple underscores - lib\features\trainee\workout\presentation\screens\Select_exercise_screen.dart:223:57 - unnecessary_underscores
   info - Unnecessary use of multiple underscores - lib\features\trainee\workout\presentation\screens\Select_exercise_screen.dart:223:61 - unnecessary_underscores
   info - Unnecessary use of multiple underscores - lib\features\trainee\workout\presentation\screens\Select_exercise_screen.dart:411:41 - unnecessary_underscores
   info - Unnecessary use of multiple underscores - lib\features\trainee\workout\presentation\screens\Select_exercise_screen.dart:411:45 - unnecessary_underscores
   info - Unnecessary use of multiple underscores - lib\features\trainee\workout\presentation\screens\active_exercise_detail_screen.dart:83:36 - unnecessary_underscores
warning - Unused import: '../../data/models/exercise_model.dart' - lib\features\trainee\workout\presentation\screens\active_workout_screen.dart:11:8 - unused_import
   info - Don't use 'BuildContext's across async gaps, guarded by an unrelated 'mounted' check - lib\features\trainee\workout\presentation\screens\active_workout_screen.dart:622:20 - use_build_context_synchronously
   info - Don't use 'BuildContext's across async gaps, guarded by an unrelated 'mounted' check - lib\features\trainee\workout\presentation\screens\active_workout_screen.dart:624:20 - use_build_context_synchronously
   info - Unnecessary use of multiple underscores - lib\features\trainee\workout\presentation\screens\active_workout_screen.dart:1195:41 - unnecessary_underscores
   info - Unnecessary use of multiple underscores - lib\features\trainee\workout\presentation\screens\active_workout_screen.dart:1476:39 - unnecessary_underscores
   info - 'tolerance' is deprecated and shouldn't be used. Call toleranceFor instead. This feature was deprecated after v3.7.0-13.0.pre - lib\features\trainee\workout\presentation\screens\active_workout_screen.dart:1981:18 - deprecated_member_use
   info - Unnecessary use of multiple underscores - lib\features\trainee\workout\presentation\screens\addplan_detail_screen.dart:395:39 - unnecessary_underscores
   info - Unnecessary use of multiple underscores - lib\features\trainee\workout\presentation\screens\addplan_detail_screen.dart:395:43 - unnecessary_underscores
   info - Unnecessary use of multiple underscores - lib\features\trainee\workout\presentation\screens\create_plan_screen.dart:962:39 - unnecessary_underscores
   info - Unnecessary use of multiple underscores - lib\features\trainee\workout\presentation\screens\create_plan_screen.dart:962:43 - unnecessary_underscores
warning - The declaration '_dayLabelsMap' isn't referenced - lib\features\trainee\workout\presentation\screens\edit_plan_screen.dart:13:24 - unused_element
   info - Unnecessary use of string interpolation - lib\features\trainee\workout\presentation\screens\workout_result_screen.dart:475:28 - unnecessary_string_interpolations
   info - Unnecessary braces in a string interpolation - lib\features\trainee\workout\presentation\screens\workout_result_screen.dart:824:26 - unnecessary_brace_in_string_interps
warning - A value for optional parameter 'percentage' isn't ever given - lib\features\trainee\workout\presentation\screens\workout_result_screen.dart:1009:10 - unused_element_parameter
warning - The declaration '_kBackBtnBg' isn't referenced - lib\shared\Screens\library\exercise_detail_screen.dart:16:13 - unused_element
warning - The declaration '_kSearchBg' isn't referenced - lib\shared\Screens\library\exercise_library_screen.dart:8:13 - unused_element
warning - The declaration '_kCardColors' isn't referenced - lib\shared\Screens\library\exercise_library_screen.dart:10:19 - unused_element
warning - Unused import: 'muscle_group_screen.dart' - lib\shared\Screens\library\library_screen.dart:13:8 - unused_import
warning - The declaration '_kTitleDark' isn't referenced - lib\shared\Screens\library\library_screen.dart:18:13 - unused_element
warning - The declaration '_kPrimary' isn't referenced - lib\shared\Screens\library\library_screen.dart:19:13 - unused_element
warning - The declaration '_kPrimaryLight' isn't referenced - lib\shared\Screens\library\library_screen.dart:20:13 - unused_element
   info - The private field _planToggle could be 'final' - lib\shared\Screens\library\library_screen.dart:48:7 - prefer_final_fields
warning - The value of the field '_planToggle' isn't used - lib\shared\Screens\library\library_screen.dart:48:7 - unused_field
warning - A value for optional parameter 'height' isn't ever given - lib\shared\Screens\library\library_screen.dart:283:10 - unused_element_parameter
   info - 'withOpacity' is deprecated and shouldn't be used. Use .withValues() to avoid precision loss - lib\shared\Screens\library\library_screen.dart:304:35 - deprecated_member_use
   info - Unnecessary use of multiple underscores - lib\shared\Screens\library\library_screen.dart:318:33 - unnecessary_underscores
   info - Unnecessary use of multiple underscores - lib\shared\Screens\library\library_screen.dart:318:37 - unnecessary_underscores
   info - 'withOpacity' is deprecated and shouldn't be used. Use .withValues() to avoid precision loss - lib\shared\Screens\library\library_screen.dart:329:34 - deprecated_member_use
   info - 'withOpacity' is deprecated and shouldn't be used. Use .withValues() to avoid precision loss - lib\shared\Screens\library\library_screen.dart:358:45 - deprecated_member_use
warning - The declaration '_PlanHeroCard' isn't referenced - lib\shared\Screens\library\library_screen.dart:378:7 - unused_element
   info - 'withOpacity' is deprecated and shouldn't be used. Use .withValues() to avoid precision loss - lib\shared\Screens\library\library_screen.dart:401:33 - deprecated_member_use
   info - 'withOpacity' is deprecated and shouldn't be used. Use .withValues() to avoid precision loss - lib\shared\Screens\library\library_screen.dart:419:41 - deprecated_member_use
   info - 'withOpacity' is deprecated and shouldn't be used. Use .withValues() to avoid precision loss - lib\shared\Screens\library\library_screen.dart:496:29 - deprecated_member_use
   info - Unnecessary use of multiple underscores - lib\shared\Screens\library\library_screen.dart:550:39 - unnecessary_underscores
   info - Unnecessary use of multiple underscores - lib\shared\Screens\library\library_screen.dart:550:43 - unnecessary_underscores
warning - The declaration '_kCardColors' isn't referenced - lib\shared\Screens\library\muscle_group_screen.dart:12:19 - unused_element
warning - The declaration '_kBackBtnBg' isn't referenced - lib\shared\Screens\library\user_plans.dart:13:13 - unused_element
   info - Unnecessary use of multiple underscores - lib\shared\Screens\plans\system_plan_detail_screen.dart:424:29 - unnecessary_underscores
   info - Unnecessary use of multiple underscores - lib\shared\Screens\plans\system_plan_detail_screen.dart:424:33 - unnecessary_underscores
   info - Unnecessary use of multiple underscores - lib\shared\Screens\plans\system_plan_detail_screen.dart:432:29 - unnecessary_underscores
   info - Unnecessary use of multiple underscores - lib\shared\Screens\plans\system_plan_detail_screen.dart:432:33 - unnecessary_underscores
   info - Unnecessary use of multiple underscores - lib\shared\Screens\plans\system_plan_detail_screen.dart:911:31 - unnecessary_underscores
   info - Unnecessary use of multiple underscores - lib\shared\Screens\plans\system_plan_detail_screen.dart:911:35 - unnecessary_underscores
   info - Unnecessary use of multiple underscores - lib\shared\Screens\plans\system_plan_detail_screen.dart:923:29 - unnecessary_underscores
   info - Unnecessary use of multiple underscores - lib\shared\Screens\plans\system_plan_detail_screen.dart:923:33 - unnecessary_underscores
   info - Unnecessary use of multiple underscores - lib\shared\Screens\plans\system_planning_exercises_screen.dart:195:29 - unnecessary_underscores
   info - Unnecessary use of multiple underscores - lib\shared\Screens\plans\system_planning_exercises_screen.dart:195:33 - unnecessary_underscores
   info - Unnecessary use of multiple underscores - lib\shared\Screens\plans\system_planning_exercises_screen.dart:203:29 - unnecessary_underscores
   info - Unnecessary use of multiple underscores - lib\shared\Screens\plans\system_planning_exercises_screen.dart:203:33 - unnecessary_underscores
warning - The declaration '_kCardColor' isn't referenced - lib\shared\Screens\plans\system_plans_screen.dart:14:13 - unused_element
warning - The declaration '_kBackBtnBg' isn't referenced - lib\shared\Screens\plans\system_plans_screen.dart:15:13 - unused_element
   info - The import of 'dart:ui' is unnecessary because all of the used elements are also provided by the import of 'package:flutter/material.dart' - lib\shared\Screens\plans\user_plan_detail_screen.dart:2:8 - unnecessary_import
   info - Unnecessary use of multiple underscores - lib\shared\Screens\plans\user_plan_detail_screen.dart:245:131 - unnecessary_underscores
   info - Unnecessary use of multiple underscores - lib\shared\Screens\plans\user_plan_detail_screen.dart:245:135 - unnecessary_underscores
   info - Unnecessary use of multiple underscores - lib\shared\Screens\plans\user_plan_detail_screen.dart:247:133 - unnecessary_underscores
   info - Unnecessary use of multiple underscores - lib\shared\Screens\plans\user_plan_detail_screen.dart:247:137 - unnecessary_underscores
   info - 'translate' is deprecated and shouldn't be used. Use translateByVector3, translateByVector4, or translateByDouble instead - lib\shared\Screens\plans\user_plan_detail_screen.dart:275:17 - deprecated_member_use
   info - 'scale' is deprecated and shouldn't be used. Use scaleByVector3, scaleByVector4, or scaleByDouble instead - lib\shared\Screens\plans\user_plan_detail_screen.dart:276:17 - deprecated_member_use
   info - 'withOpacity' is deprecated and shouldn't be used. Use .withValues() to avoid precision loss - lib\shared\Screens\plans\user_plan_detail_screen.dart:499:42 - deprecated_member_use
   info - Unnecessary use of multiple underscores - lib\shared\Screens\plans\user_plan_detail_screen.dart:946:172 - unnecessary_underscores
   info - Unnecessary use of multiple underscores - lib\shared\Screens\plans\user_plan_detail_screen.dart:946:176 - unnecessary_underscores
   info - Unnecessary use of multiple underscores - lib\shared\Screens\plans\user_plan_detail_screen.dart:948:172 - unnecessary_underscores
   info - Unnecessary use of multiple underscores - lib\shared\Screens\plans\user_plan_detail_screen.dart:948:176 - unnecessary_underscores

